// Jest Snapshot v1, https://goo.gl/fbAQLP

exports[`DropDown component renders to the DOM 1`] = `
<div
  data-testid="menu"
>
  <ul
    class="list-group dropdown-menu dropdown-menu-right"
  >
    <li
      class="dropdown-item"
    >
      <a
        href="/settings"
      >
        Settings
      </a>
    </li>
    <div
      class="dropdown-divider"
    />
    <li
      class="dropdown-item"
    >
      <a
        href="/logout"
      >
        Logout
      </a>
    </li>
  </ul>
</div>
`;
