// Jest Snapshot v1, https://goo.gl/fbAQLP

exports[`TableHeader Renders To The Dom Without Spinner 1`] = `
<div
  class="m-3"
  data-testid="tableHeader"
>
  <table
    class="table table-hover table-bordered"
  >
    <thead>
      <tr>
        <th
          scope="col"
        >
          Name
           
          <button
            data-placement="top"
            data-toggle="tooltip"
            id="id-0"
            style="border: 0px; padding: 0px; background: none;"
            title="Sort By Name"
          >
            <svg
              aria-hidden="true"
              class="svg-inline--fa fa-sort fa-w-10 "
              data-icon="sort"
              data-prefix="fas"
              focusable="false"
              role="img"
              viewBox="0 0 320 512"
              xmlns="http://www.w3.org/2000/svg"
            >
              <path
                d="M41 288h238c21.4 0 32.1 25.9 17 41L177 448c-9.4 9.4-24.6 9.4-33.9 0L24 329c-15.1-15.1-4.4-41 17-41zm255-105L177 64c-9.4-9.4-24.6-9.4-33.9 0L24 183c-15.1 15.1-4.4 41 17 41h238c21.4 0 32.1-25.9 17-41z"
                fill="currentColor"
              />
            </svg>
          </button>
        </th>
        <th
          scope="col"
        >
          Spec/Claim No
           
          <button
            data-placement="top"
            data-toggle="tooltip"
            id="id-1"
            style="border: 0px; padding: 0px; background: none;"
            title="Sort By Spec/Claim No"
          >
            <svg
              aria-hidden="true"
              class="svg-inline--fa fa-sort fa-w-10 "
              data-icon="sort"
              data-prefix="fas"
              focusable="false"
              role="img"
              viewBox="0 0 320 512"
              xmlns="http://www.w3.org/2000/svg"
            >
              <path
                d="M41 288h238c21.4 0 32.1 25.9 17 41L177 448c-9.4 9.4-24.6 9.4-33.9 0L24 329c-15.1-15.1-4.4-41 17-41zm255-105L177 64c-9.4-9.4-24.6-9.4-33.9 0L24 183c-15.1 15.1-4.4 41 17 41h238c21.4 0 32.1-25.9 17-41z"
                fill="currentColor"
              />
            </svg>
          </button>
        </th>
        <th
          scope="col"
        >
          Type
           
          <button
            data-placement="top"
            data-toggle="tooltip"
            id="id-2"
            style="border: 0px; padding: 0px; background: none;"
            title="Sort By Type"
          >
            <svg
              aria-hidden="true"
              class="svg-inline--fa fa-sort fa-w-10 "
              data-icon="sort"
              data-prefix="fas"
              focusable="false"
              role="img"
              viewBox="0 0 320 512"
              xmlns="http://www.w3.org/2000/svg"
            >
              <path
                d="M41 288h238c21.4 0 32.1 25.9 17 41L177 448c-9.4 9.4-24.6 9.4-33.9 0L24 329c-15.1-15.1-4.4-41 17-41zm255-105L177 64c-9.4-9.4-24.6-9.4-33.9 0L24 183c-15.1 15.1-4.4 41 17 41h238c21.4 0 32.1-25.9 17-41z"
                fill="currentColor"
              />
            </svg>
          </button>
        </th>
        <th
          scope="col"
        >
          Assigned
           
          <button
            data-placement="top"
            data-toggle="tooltip"
            id="id-3"
            style="border: 0px; padding: 0px; background: none;"
            title="Sort By Assigned"
          >
            <svg
              aria-hidden="true"
              class="svg-inline--fa fa-sort fa-w-10 "
              data-icon="sort"
              data-prefix="fas"
              focusable="false"
              role="img"
              viewBox="0 0 320 512"
              xmlns="http://www.w3.org/2000/svg"
            >
              <path
                d="M41 288h238c21.4 0 32.1 25.9 17 41L177 448c-9.4 9.4-24.6 9.4-33.9 0L24 329c-15.1-15.1-4.4-41 17-41zm255-105L177 64c-9.4-9.4-24.6-9.4-33.9 0L24 183c-15.1 15.1-4.4 41 17 41h238c21.4 0 32.1-25.9 17-41z"
                fill="currentColor"
              />
            </svg>
          </button>
        </th>
        <th
          scope="col"
        >
          Priority
           
          <button
            data-placement="top"
            data-toggle="tooltip"
            id="id-4"
            style="border: 0px; padding: 0px; background: none;"
            title="Sort By Priority"
          >
            <svg
              aria-hidden="true"
              class="svg-inline--fa fa-sort fa-w-10 "
              data-icon="sort"
              data-prefix="fas"
              focusable="false"
              role="img"
              viewBox="0 0 320 512"
              xmlns="http://www.w3.org/2000/svg"
            >
              <path
                d="M41 288h238c21.4 0 32.1 25.9 17 41L177 448c-9.4 9.4-24.6 9.4-33.9 0L24 329c-15.1-15.1-4.4-41 17-41zm255-105L177 64c-9.4-9.4-24.6-9.4-33.9 0L24 183c-15.1 15.1-4.4 41 17 41h238c21.4 0 32.1-25.9 17-41z"
                fill="currentColor"
              />
            </svg>
          </button>
        </th>
        <th
          scope="col"
        >
          Due Date
           
          <button
            data-placement="top"
            data-toggle="tooltip"
            id="id-5"
            style="border: 0px; padding: 0px; background: none;"
            title="Sort By Due Date"
          >
            <svg
              aria-hidden="true"
              class="svg-inline--fa fa-sort fa-w-10 "
              data-icon="sort"
              data-prefix="fas"
              focusable="false"
              role="img"
              viewBox="0 0 320 512"
              xmlns="http://www.w3.org/2000/svg"
            >
              <path
                d="M41 288h238c21.4 0 32.1 25.9 17 41L177 448c-9.4 9.4-24.6 9.4-33.9 0L24 329c-15.1-15.1-4.4-41 17-41zm255-105L177 64c-9.4-9.4-24.6-9.4-33.9 0L24 183c-15.1 15.1-4.4 41 17 41h238c21.4 0 32.1-25.9 17-41z"
                fill="currentColor"
              />
            </svg>
          </button>
        </th>
      </tr>
    </thead>
    <tbody
      data-testid="tasks"
    >
      <tr>
        <td>
          <button
            class="btn-block"
            style="display: block; border: 0px; padding: 0px; background: none;"
          >
            Review New Claim
          </button>
        </td>
        <td>
          <button
            class="btn-block"
            style="display: block; border: 0px; padding: 0px; background: none;"
          >
            5500001
          </button>
        </td>
        <td>
          <button
            class="btn-block"
            style="display: block; border: 0px; padding: 0px; background: none;"
          >
            Claim
          </button>
        </td>
        <td>
          <button
            class="btn-block"
            style="display: block; border: 0px; padding: 0px; background: none;"
          />
        </td>
        <td>
          <button
            class="btn-block"
            style="display: block; border: 0px; padding: 0px; background: none;"
          >
            Normal
          </button>
        </td>
        <td>
          <button
            class="btn-block"
            style="display: block; border: 0px; padding: 0px; background: none;"
          >
            01-09-2019
          </button>
        </td>
      </tr>
      <tr>
        <td>
          <button
            class="btn-block"
            style="display: block; border: 0px; padding: 0px; background: none;"
          >
            Review New Invoice
          </button>
        </td>
        <td>
          <button
            class="btn-block"
            style="display: block; border: 0px; padding: 0px; background: none;"
          >
            5500000
          </button>
        </td>
        <td>
          <button
            class="btn-block"
            style="display: block; border: 0px; padding: 0px; background: none;"
          >
            Claim
          </button>
        </td>
        <td>
          <button
            class="btn-block"
            style="display: block; border: 0px; padding: 0px; background: none;"
          />
        </td>
        <td>
          <button
            class="btn-block"
            style="display: block; border: 0px; padding: 0px; background: none;"
          >
            Normal
          </button>
        </td>
        <td>
          <button
            class="btn-block"
            style="display: block; border: 0px; padding: 0px; background: none;"
          >
            01-09-2019
          </button>
        </td>
      </tr>
      <tr>
        <td>
          <button
            class="btn-block"
            style="display: block; border: 0px; padding: 0px; background: none;"
          >
            Diary Review
          </button>
        </td>
        <td>
          <button
            class="btn-block"
            style="display: block; border: 0px; padding: 0px; background: none;"
          >
            5500244
          </button>
        </td>
        <td>
          <button
            class="btn-block"
            style="display: block; border: 0px; padding: 0px; background: none;"
          >
            Claim
          </button>
        </td>
        <td>
          <button
            class="btn-block"
            style="display: block; border: 0px; padding: 0px; background: none;"
          />
        </td>
        <td>
          <button
            class="btn-block"
            style="display: block; border: 0px; padding: 0px; background: none;"
          >
            Urgent
          </button>
        </td>
        <td>
          <button
            class="btn-block"
            style="display: block; border: 0px; padding: 0px; background: none;"
          >
            29-09-2019
          </button>
        </td>
      </tr>
      <tr>
        <td>
          <button
            class="btn-block"
            style="display: block; border: 0px; padding: 0px; background: none;"
          >
            Loss Adjustor Report Received
          </button>
        </td>
        <td>
          <button
            class="btn-block"
            style="display: block; border: 0px; padding: 0px; background: none;"
          >
            5500044
          </button>
        </td>
        <td>
          <button
            class="btn-block"
            style="display: block; border: 0px; padding: 0px; background: none;"
          >
            Claim
          </button>
        </td>
        <td>
          <button
            class="btn-block"
            style="display: block; border: 0px; padding: 0px; background: none;"
          />
        </td>
        <td>
          <button
            class="btn-block"
            style="display: block; border: 0px; padding: 0px; background: none;"
          >
            Urgent
          </button>
        </td>
        <td>
          <button
            class="btn-block"
            style="display: block; border: 0px; padding: 0px; background: none;"
          >
            05-09-2019
          </button>
        </td>
      </tr>
    </tbody>
  </table>
</div>
`;
